[2022-02-18T22:13:20.733+0700][gc,heap] Heap region size: 1M
[2022-02-18T22:13:20.736+0700][gc     ] Using G1
[2022-02-18T22:13:20.737+0700][gc,heap,coops] Heap address: 0x00000000e0000000, size: 512 MB, Compressed Oops mode: 32-bit
[2022-02-18T22:13:21.725+0700][gc,start     ] GC(0) Pause Young (Normal) (G1 Evacuation Pause)
[2022-02-18T22:13:21.725+0700][gc,task      ] GC(0) Using 1 workers of 1 for evacuation
[2022-02-18T22:13:21.738+0700][gc,phases    ] GC(0)   Pre Evacuate Collection Set: 0.0ms
[2022-02-18T22:13:21.738+0700][gc,phases    ] GC(0)   Evacuate Collection Set: 13.1ms
[2022-02-18T22:13:21.739+0700][gc,phases    ] GC(0)   Post Evacuate Collection Set: 0.4ms
[2022-02-18T22:13:21.739+0700][gc,phases    ] GC(0)   Other: 0.3ms
[2022-02-18T22:13:21.739+0700][gc,heap      ] GC(0) Eden regions: 25->0(21)
[2022-02-18T22:13:21.739+0700][gc,heap      ] GC(0) Survivor regions: 0->4(4)
[2022-02-18T22:13:21.739+0700][gc,heap      ] GC(0) Old regions: 0->4
[2022-02-18T22:13:21.739+0700][gc,heap      ] GC(0) Humongous regions: 0->0
[2022-02-18T22:13:21.739+0700][gc,metaspace ] GC(0) Metaspace: 7722K->7722K(1056768K)
[2022-02-18T22:13:21.739+0700][gc           ] GC(0) Pause Young (Normal) (G1 Evacuation Pause) 25M->7M(512M) 14.031ms
[2022-02-18T22:13:21.739+0700][gc,cpu       ] GC(0) User=0.01s Sys=0.00s Real=0.01s
[2022-02-18T22:35:46.167+0700][gc,heap,exit ] Heap
[2022-02-18T22:35:46.167+0700][gc,heap,exit ]  garbage-first heap   total 524288K, used 19903K [0x00000000e0000000, 0x0000000100000000)
[2022-02-18T22:35:46.167+0700][gc,heap,exit ]   region size 1024K, 17 young (17408K), 4 survivors (4096K)
[2022-02-18T22:35:46.167+0700][gc,heap,exit ]  Metaspace       used 9168K, capacity 9522K, committed 9856K, reserved 1058816K
[2022-02-18T22:35:46.167+0700][gc,heap,exit ]   class space    used 982K, capacity 1123K, committed 1152K, reserved 1048576K
